[emu] ROM loaded from /Users/alice/bench/esp32sim/overnight-review/../assets/pocket-tank/rom.elf
[emu] flash 0x610000: /Users/alice/bench/esp32sim/overnight-review/candidate/web/wasm/fw/public/energydata.json (2846 bytes)
[emu] ROM boot from reset vector 0x40000400
[script] t=3.000s Touch(440, 300, true)
[script] t=3.040s Touch(380, 300, true)
[script] t=3.080s Touch(300, 300, true)
[script] t=3.120s Touch(200, 300, true)
[script] t=3.160s Touch(100, 300, true)
[script] t=3.200s Touch(40, 300, true)
[script] t=3.240s Touch(40, 300, false)
[script] t=3.840s Touch(440, 300, true)
[script] t=3.880s Touch(380, 300, true)
[script] t=3.920s Touch(300, 300, true)
[script] t=3.960s Touch(200, 300, true)
[script] t=4.000s Touch(100, 300, true)
[script] t=4.040s Touch(40, 300, true)
[script] t=4.080s Touch(40, 300, false)
[script] t=4.680s Touch(440, 300, true)
[script] t=4.720s Touch(380, 300, true)
[script] t=4.760s Touch(300, 300, true)
[script] t=4.800s Touch(200, 300, true)
[script] t=4.840s Touch(100, 300, true)
[script] t=4.880s Touch(40, 300, true)
[script] t=4.920s Touch(40, 300, false)
[script] t=5.520s Touch(240, 242, true)
[script] t=5.640s Touch(240, 242, false)

[emu] stop: Halted — core0 260026792 + core1 136442769 insns in 2.6s wall = 149.7 Minsn/s; emulated 7.000s (1680000000 cycles); 528853 exceptions, 43150 interrupts
[irq] per core, cpu-int: count (peripheral sources mapped to it)
  core0 int2       1188  sources [59]
  core0 int3       1477  sources [79]
  core0 int5       6407  sources [57]
  core0 int9       6265  sources [42]
  core0 int12       370  sources [24]
  core0 int13     18505  sources [71]
  core0 int17       553  sources [72]
  core1 int0       1444  sources [80]
  core1 int1       6941  sources [58]

[emu] i2s frames out: 144082 (i2s0 @ 22050 Hz) 0 (i2s1 @ 44100 Hz)
[emu] crypto: 0 AES blocks, 26147 SHA blocks, 0 RSA/MPI operations
[emu] lcd: 394 RGB frames
[emu] blocks: 21269 built (0 cache flushes) core0, 10172 (0) core1; jit: 31441 compiled, 25602 KB code
