   Compiling emu-core v0.2.0 (/workspace/redistribution/validate-js/emu-core)
   Compiling esp32sim-wasm v0.2.0 (/workspace/redistribution/validate-js/wasm)
   Compiling esp-periph v0.2.0 (/workspace/redistribution/validate-js/esp-periph)
   Compiling xtensa-lx7 v0.2.0 (/workspace/redistribution/validate-js/xtensa-lx7)
   Compiling riscv-rv32 v0.2.0 (/workspace/redistribution/validate-js/riscv-rv32)
   Compiling esp-soc v0.2.0 (/workspace/redistribution/validate-js/esp-soc)
   Compiling esp32c6 v0.2.0 (/workspace/redistribution/validate-js/esp32c6)
   Compiling esp32c3 v0.2.0 (/workspace/redistribution/validate-js/esp32c3)
   Compiling esp32s3 v0.2.0 (/workspace/redistribution/validate-js/esp32s3)
   Compiling esp32sim-wasm-jit v0.2.0 (/workspace/redistribution/validate-js/wasm-jit)
    Finished `release` profile [optimized + debuginfo] target(s) in 1m 04s
-rwxr-xr-x@ 1 sarah  staff  12832907 Sep 21 00:32 web/wasm/esp32sim.wasm
WASM timing ABI: prerequisite, range, inline mode and lifecycle checks passed
ok   wasm JIT handoff: shared-memory block committed at a scheduler boundary
ok   hello: board none, 4.3 M insns in 0.9 s wall (5.0 Minsn/s), 129 console lines, 0 binary frames
ok   c3-hello: board none, 480.0 M insns in 1.8 s wall (260.4 Minsn/s), 125 console lines, 0 binary frames
ok   c6-hello: board none, 480.0 M insns in 1.6 s wall (309.5 Minsn/s), 121 console lines, 0 binary frames
ok   c6-energy-scan: board waveshare-c6-lcd147, 480.0 M insns in 6.8 s wall (70.3 Minsn/s), 149 console lines, 141 binary frames
ok   c6-contiki: board waveshare-c6-lcd147, 1920.0 M insns in 9.3 s wall (205.8 Minsn/s), 181 console lines, 17 binary frames
ok   c6-contiki-net: 2 nodes, n0 tx 5/rx 5, n1 tx 5/rx 5, 30 s simulated in 9.5 s wall (3x real time)
ok   c6-rpl-net: 2 nodes, n0 tx 27/rx 27, n1 tx 27/rx 27, 90 s simulated in 26.9 s wall (3x real time)
ok   panel: board waveshare-lcd4b, 142.4 M insns in 3.4 s wall (41.7 Minsn/s), 193 console lines, 252 binary frames
