[emu] virtual AP 'esp32sim' bssid 02:53:49:4d:00:01 channel 6 (WPA2-PSK)
[emu] NAT to the host network enabled (DNS via 172.20.10.1)
[emu] virtual network: station 10.0.2.15, gateway 10.0.2.2 (DHCP, ARP, ICMP, DNS, NTP)
[emu] ROM loaded from /Users/alice/.espressif/tools/esp-rom-elfs/20241011/esp32s3_rev0_rom.elf
[emu] stub 0x4200f094 @ 0x4200f094 -> returns 0xffffffff
[emu] ROM boot from reset vector 0x40000400
ESP-ROM:esp32s3-20210327
Build:Mar 27 2021
rst:0x1 (POWERON),boot:0xf (SPI_FAST_FLASH_BOOT)
configspi:0x00000008
SPIWP:0x00
mode:DIO, clock div:1
load:0x3fce3818,len:0x10f0
load:0x403c9700,len:0x4
load:0x403c9704,len:0x9b4
ESP-ROM:esp32s3-20210327
Build:Mar 27 2021
rst:0x1 (POWERON),boot:0xf (SPI_FAST_FLASH_BOOT)
configspi:0x00000008
SPIWP:0x00
mode:DIO, clock div:1
load:0x3fce3818,len:0x10f0
load:0x403c9700,len:0x4
load:0x403c9704,len:0x9b4
load:0x403cc700,len:0x2c74
entry 0x403c9880
load:0x403cc700,len:0x2c74
entry 0x403c9880
pp rom version: e7ae62f
net80211 rom version: e7ae62f
pp rom version: e7ae62f
net80211 rom version: e7ae62f
MMU: first_free_mmu=10 (firmware uses entries 0..9)
MMU: kernel e0x14=0x0014 rootfs e0x54=0x0054
MMU: first_free_mmu=10 (firmware uses entries 0..9)
MMU: kernel e0x14=0x0014 rootfs e0x54=0x0054
linux ptr = 0x42140000
vectors ptr = 0x4037f000
linux ptr = 0x42140000
vectors ptr = 0x4037f000
[    0.000000] Linux version 6.11.0-forkbank (builder@esp32-repro) (xtensa-esp32s3-linux-uclibcfdpic-gcc (crosstool-NG UNKNOWN) 14.1.0, GNU ld (crosstool-NG UNKNOWN) 2.42.50.20240224) #1 PREEMPT Sat Sep 5 00:00:00 UTC 2026
[    0.000000] config ID: c2ecfafe:22f86edf
[    0.000000] built for config ID: c2f0fffe:23090f1f
[    0.000000] earlycon: esp32s3uart0 at MMIO32 0x60000000 (options '115200n8,40000000')
[    0.000000] printk: legacy bootconsole [esp32s3uart0] enabled
[    0.000000] **********************************************************
[    0.000000] **   NOTICE NOTICE NOTICE NOTICE NOTICE NOTICE NOTICE   **
[    0.000000] **                                                      **
[    0.000000] ** This system shows unhashed kernel memory addresses   **
[    0.000000] ** via the console, logs, and other interfaces. This    **
[    0.000000] ** might reduce the security of your system.            **
[    0.000000] **                                                      **
[    0.000000] ** If you see this message and you are not debugging    **
[    0.000000] ** the kernel, report this immediately to your system   **
[    0.000000] ** administrator!                                       **
[    0.000000] **                                                      **
[    0.000000] **   NOTICE NOTICE NOTICE NOTICE NOTICE NOTICE NOTICE   **
[    0.000000] **********************************************************
[    0.000000] Zone ranges:
[    0.000000]   Normal   [mem 0x000000003d800000-0x000000003dffffff]
[    0.000000] Movable zone start for each node
[    0.000000] Early memory node ranges
[    0.000000]   node   0: [mem 0x000000003d800000-0x000000003dffffff]
[    0.000000] Initmem setup node 0 [mem 0x000000003d800000-0x000000003dffffff]
[    0.000000] Kernel command line: earlycon=esp32s3uart,mmio32,0x60000000,115200n8,40000000 console=ttyS0,115200n8 rw root=mtd:rootfs no_hash_pointers 
[    0.000000] Dentry cache hash table entries: 1024 (order: 0, 4096 bytes, linear)
[    0.000000] Inode-cache hash table entries: 1024 (order: 0, 4096 bytes, linear)
[    0.000000] Built 1 zonelists, mobility grouping off.  Total pages: 2048
[    0.000000] mem auto-init: stack:off, heap alloc:off, heap free:off
[    0.000000] virtual kernel memory layout:
[    0.000000]     lowmem  : 0x3d800000 - 0x3e000000  (    8 MB)
[    0.000000]     .text   : 0x42140000 - 0x42389834  ( 2342 kB)
[    0.000000]     .rodata : 0x4238a000 - 0x423ec000  (  392 kB)
[    0.000000]     .data   : 0x3d800000 - 0x3d87f280  (  508 kB)
[    0.000000]     .init   : 0x3d87f280 - 0x3d8838e8  (   17 kB)
[    0.000000]     .bss    : 0x3d8838e8 - 0x3d8ba180  (  218 kB)
[    0.000000] SLUB: HWalign=16, Order=0-3, MinObjects=0, CPUs=1, Nodes=1
[    0.000000] rcu: Preemptible hierarchical RCU implementation.
[    0.000000] rcu: RCU calculated value of scheduler-enlistment delay is 10 jiffies.
[    0.000000] NR_IRQS: 33
[    0.000000] rcu: srcu_init: Setting srcu_struct sizes based on contention.
[    0.000000] Calibrating CPU frequency 240.00 MHz
[    0.000000] clocksource: ccount: mask: 0xffffffff max_cycles: 0xffffffff, max_idle_ns: 7963585194 ns
[    0.000001] sched_clock: 32 bits at 240MHz, resolution 4ns, wraps every 8947848189ns
[    0.000226] Calibrating delay loop (skipped)... 240.00 BogoMIPS preset
[    0.000267] pid_max: default: 32768 minimum: 301
[    0.000525] Mount-cache hash table entries: 1024 (order: 0, 4096 bytes, linear)
[    0.000584] Mountpoint-cache hash table entries: 1024 (order: 0, 4096 bytes, linear)
[    0.002201] rcu: Hierarchical SRCU implementation.
[    0.002230] rcu: 	Max phase no-delay instances is 1000.
[    0.002592] Memory: 7008K/8192K available (2342K kernel code, 508K rwdata, 392K rodata, 99K init, 218K bss, 884K reserved, 0K cma-reserved)
[    0.002888] devtmpfs: initialized
[    0.007224] clocksource: jiffies: mask: 0xffffffff max_cycles: 0xffffffff, max_idle_ns: 19112604462750000 ns
[    0.007290] futex hash table entries: 256 (order: -1, 3072 bytes, linear)
[    0.007373] pinctrl core: initialized pinctrl subsystem
[    0.009646] NET: Registered PF_NETLINK/PF_ROUTE protocol family
[    0.014582] platform soc: Fixed dependency cycle(s) with /soc/intc@600c2000
[    0.022495] platform soc: Fixed dependency cycle(s) with /soc/intc@600c2000
[    0.026162] clocksource: Switched to clocksource ccount
[    0.028217] NET: Registered PF_INET protocol family
[    0.028697] IP idents hash table entries: 2048 (order: 2, 16384 bytes, linear)
[    0.030810] tcp_listen_portaddr_hash hash table entries: 1024 (order: 0, 4096 bytes, linear)
[    0.030902] Table-perturb hash table entries: 65536 (order: 6, 262144 bytes, linear)
[    0.030967] TCP established hash table entries: 1024 (order: 0, 4096 bytes, linear)
[    0.031056] TCP bind hash table entries: 1024 (order: 1, 8192 bytes, linear)
[    0.031150] TCP: Hash tables configured (established 1024 bind 1024)
[    0.031271] UDP hash table entries: 256 (order: 0, 4096 bytes, linear)
[    0.031345] UDP-Lite hash table entries: 256 (order: 0, 4096 bytes, linear)
[    0.031582] NET: Registered PF_UNIX/PF_LOCAL protocol family
[    0.038272] Initialise system trusted keyrings
[    0.038623] workingset: timestamp_bits=30 max_order=11 bucket_order=0
[    0.038747] jffs2: version 2.2. (NAND) © 2001-2006 Red Hat, Inc.
[    0.038839] Key type asymmetric registered
[    0.038869] Asymmetric key parser 'x509' registered
[    0.038942] io scheduler mq-deadline registered
[    0.038974] io scheduler kyber registered
[    0.042210] pinctrl-single 60004154.gpio_in_mux: 256 pins, size 1024
[    0.042719] pinctrl-single 60008484.pinctrl: 22 pins, size 88
[    0.043338] pinctrl-single 60009004.pinctrl: 49 pins, size 196
[    0.124717] 60000000.serial: ttyS0 at MMIO 0x60000000 (irq = 2, base_baud = 2500000) is a ESP32S3 UART
[    0.124813] printk: legacy console [ttyS0] enabled
[    0.124813] printk: legacy console [ttyS0] enabled
[    0.124870] printk: legacy bootconsole [esp32s3uart0] disabled
[    0.124870] printk: legacy bootconsole [esp32s3uart0] disabled
[    0.147260] 60038000.acm: ttyGS3 at MMIO 0x60038000 (irq = 3, base_baud = 0) is a ESP32S3 ACM
[    0.148134] random: crng init done
[    0.151079] physmap-flash 42000000.flash: physmap platform flash device: [mem 0x42000000-0x42ffffff]
[    0.160796] 7 esp32 partitions found on MTD device 42000000.flash
[    0.160837] Creating 7 MTD partitions on "42000000.flash":
[    0.160877] 0x00000000a000-0x00000000f000 : "nvs"
[    0.160917] mtd: partition "nvs" doesn't start on an erase/write block boundary -- force read-only
[    0.162411] 0x00000000f000-0x000000010000 : "phy_init"
[    0.162453] mtd: partition "phy_init" doesn't start on an erase/write block boundary -- force read-only
[    0.163879] 0x000000010000-0x0000000d0000 : "factory"
[    0.165319] 0x0000000d0000-0x000000140000 : "etc"
[    0.166764] 0x000000140000-0x000000540000 : "linux"
[    0.168183] 0x000000540000-0x000000cc0000 : "rootfs"
[    0.169598] 0x000000cc0000-0x000001000000 : "home"
[    0.172703] i2c_dev: i2c /dev entries driver
[    0.173356] mmc_spi spi0.0: ASSUMING 3.2-3.4 V slot power
[    0.180828] Chipset=ESP32-S3 ID=09 detected over shmem IPC
[    0.196274] mmc_spi spi0.0: SD/MMC host mmc0, no WP, no poweroff, cd polling
[    0.197801] esp32s3-rsa: selftest 512-bit PASS
[    0.215888] esp32s3-rsa: selftest 2048-bit PASS
[    0.215926] esp32s3-rsa: hardware RSA registered (rsa-esp32s3)
[    0.222478] NET: Registered PF_INET6 protocol family
[    0.224082] Segment Routing with IPv6
[    0.224203] In-situ OAM (IOAM) with IPv6
[    0.224432] sit: IPv6, IPv4 and MPLS over IPv4 tunneling driver
[    0.225511] NET: Registered PF_PACKET protocol family
[    0.225572] Key type dns_resolver registered
[    0.235023] Loading compiled-in X.509 certificates
[    0.244308] i2c-gpio i2c0: using lines 582 (SDA) and 583 (SCL)
[    0.244690] cfg80211: Loading compiled-in X.509 certificates for regulatory database
[    0.249455] Loaded X.509 cert 'sforshee: 00b28ddf47aef9cea7'
[    0.253524] Loaded X.509 cert 'wens: 61c038651aabdcf94bd0ac7ff06c7248db18c600'
[    0.253662] platform regulatory.0: Direct firmware load for regulatory.db failed with error -2
[    0.253716] cfg80211: failed to load regulatory.db
[    0.253762] clk: Disabling unused clocks
[    0.254143] cramfs: checking physical address 0x42540000 for linear cramfs image
[    0.254186] cramfs: linear cramfs image on mtd:rootfs appears to be 7632 KB in size
[    0.254252] VFS: Mounted root (cramfs filesystem) readonly on device 31:5.
[    0.254331] devtmpfs: mounted
[    0.254398] Freeing unused kernel image (initmem) memory: 12K
[    0.254436] This architecture does not have kernel memory protection.
[    0.254481] Run /sbin/init as init process
Starting syslogd: OK
Starting klogd: OK
Running sysctl: OK
Starting network (background): OK
Starting inetd: OK
Starting BLE WiFi setup: OK
Starting cron: OK

Welcome to Buildroot
buildroot login: [script] t=24.000s Uart(0, "root\n")
root
Password: [script] t=27.000s Uart(0, "changeme123\n")

[?2004h# [script] t=31.000s Uart(0, "wifi-setup esp32sim esp32sim-pass\n")
wifi-setup esp32sim esp32sim-pass
[?2004lConnecting to 'esp32sim'...
Successfully initialized wpa_supplicant
Done. Check with: wifi status
[?2004h# [net] ignoring ethertype 0x86dd (94 bytes)
[net] ignoring ethertype 0x86dd (94 bytes)
[net] DHCP DISCOVER -> OFFER for 10.0.2.15
[net] DHCP REQUEST -> ACK for 10.0.2.15
[net] ARP who-has 10.0.2.2 -> 02:53:49:4d:00:02
[nat] UDP 10.0.2.15:46921 -> 172.20.10.1:53 (30 bytes)
[nat] UDP reply 85 bytes -> guest port 46921
[nat] UDP 10.0.2.15:54738 -> 172.20.10.1:53 (30 bytes)
[nat] UDP reply 94 bytes -> guest port 54738
[nat] UDP 10.0.2.15:35372 -> 216.239.35.0:123 (48 bytes)
[nat] UDP 10.0.2.15:42465 -> 162.159.200.1:123 (48 bytes)
[nat] UDP 10.0.2.15:35780 -> 45.147.99.202:123 (48 bytes)
[nat] UDP reply 48 bytes -> guest port 35372
[nat] UDP reply 48 bytes -> guest port 42465
[nat] UDP reply 48 bytes -> guest port 35780
[net] DHCP DISCOVER -> OFFER for 10.0.2.15
[net] ignoring IPv4 proto 1 (360 bytes)
[net] DHCP REQUEST -> ACK for 10.0.2.15
[net] ignoring IPv4 proto 1 (360 bytes)
[nat] UDP 10.0.2.15:35902 -> 162.159.200.1:123 (48 bytes)
[nat] UDP reply 48 bytes -> guest port 35902
[nat] UDP 10.0.2.15:34424 -> 172.20.10.1:53 (30 bytes)
[nat] UDP reply 85 bytes -> guest port 34424
[nat] UDP 10.0.2.15:43115 -> 172.20.10.1:53 (30 bytes)
[nat] UDP reply 94 bytes -> guest port 43115
[nat] UDP 10.0.2.15:33295 -> 216.239.35.0:123 (48 bytes)
[nat] UDP 10.0.2.15:46588 -> 162.159.200.1:123 (48 bytes)
[nat] UDP 10.0.2.15:56641 -> 45.147.99.202:123 (48 bytes)
[nat] UDP reply 48 bytes -> guest port 33295
[nat] UDP reply 48 bytes -> guest port 46588
[nat] UDP reply 48 bytes -> guest port 56641
[nat] UDP 10.0.2.15:52307 -> 216.239.35.0:123 (48 bytes)
[nat] UDP reply 48 bytes -> guest port 52307
[script] t=50.000s Uart(0, "ifconfig espsta0\n")
ifconfig espsta0
[?2004lespsta0   Link encap:Ethernet  HWaddr 44:1B:F6:75:DC:E0  
          inet addr:10.0.2.15  Bcast:10.0.2.255  Mask:255.255.255.0
          inet6 addr: fe80::461b:f6ff:fe75:dce0/64 Scope:Link
          UP BROADCAST RUNNING MULTICAST  MTU:1500  Metric:1
          RX packets:17 errors:0 dropped:0 overruns:0 frame:0
          TX packets:23 errors:0 dropped:16 overruns:0 carrier:0
          collisions:0 txqueuelen:1000 
          RX bytes:2418 (2.3 KiB)  TX bytes:3916 (3.8 KiB)

[?2004h# [script] t=52.000s Uart(0, "sysctl -w net.ipv4.conf.all.route_localnet=1\n")
sysctl -w net.ipv4.conf.all.route_localnet=1
[?2004lnet.ipv4.conf.all.route_localnet = 1
[?2004h# [script] t=54.000s Uart(0, "ip rule del pref 0\n")
ip rule del pref 0
[?2004l[?2004h# [script] t=55.000s Uart(0, "ip rule add pref 0 to 127.0.0.1 lookup main\n")
ip rule add pref 0 to 127.0.0.1 lookup main
[?2004l[?2004h# [script] t=56.000s Uart(0, "ip rule add pref 1 lookup local\n")
ip rule add pref 1 lookup local
[?2004l[?2004h# [script] t=57.000s Uart(0, "ip route add 127.0.0.1/32 via 10.0.2.2 dev espsta0\n")
ip route add 127.0.0.1/32 via 10.0.2.2 dev espsta0
[?2004l[?2004h# [script] t=59.000s Uart(0, "wget -T 5 -O - http://127.0.0.1:18799/qualification\n")
wget -T 5 -O - http://127.0.0.1:18799/qualification
[?2004lConnecting to 127.0.0.1:18799 (127.0.0.1:18799)
[nat] TCP 10.0.2.15:37340 -> 127.0.0.1:18799 connecting
[nat] TCP 127.0.0.1:18799 connected
[nat] TCP 127.0.0.1:18799 -> guest 148 bytes (seq 69633)
writing to stdout
esp32sim-nat-loopback-pass-                    100% |********************************|    26  0:00:00 ETA
written to stdout
[?2004h# [net] ignoring ethertype 0x86dd (74 bytes)
[script] t=67.000s Uart(0, "ifconfig espsta0\n")
ifconfig espsta0
[?2004lespsta0   Link encap:Ethernet  HWaddr 44:1B:F6:75:DC:E0  
          inet addr:10.0.2.15  Bcast:10.0.2.255  Mask:255.255.255.0
          inet6 addr: fe80::461b:f6ff:fe75:dce0/64 Scope:Link
          UP BROADCAST RUNNING MULTICAST  MTU:1500  Metric:1
          RX packets:23 errors:0 dropped:0 overruns:0 frame:0
          TX packets:30 errors:0 dropped:16 overruns:0 carrier:0
          collisions:0 txqueuelen:1000 
          RX bytes:2806 (2.7 KiB)  TX bytes:4520 (4.4 KiB)

[?2004h# 
[emu] stop: Halted — core0 53350649 + core1 742614751 insns in 14.7s wall = 54.0 Minsn/s; emulated 72.000s (17280000000 cycles); 950769 exceptions, 19354 interrupts
[emu] last bus fault: read 0x3fc00008
[irq] per core, cpu-int: count (peripheral sources mapped to it)
  core0 int0        793  sources [0,2]
  core0 int3         63  sources [59]
  core0 int9       9874  sources [79]
  core0 int12      7196  sources [57]
  core0 int13       112  sources [82]
  core1 int1         11  sources [27]
  core1 int2        135  sources [81]
  core1 int3        100  sources [96]
  core1 int6       1070  sources [0,1,2,3,4,5,6,7,8,9,10,11,12,13,14,15,17,18,19,20,22,23,24,25,26,28,29,30,31,32,33,34,35,36,37,38,39,40,41,42,43,44,45,46,47,48,49,50,51,52,53,54,55,56,57,58,59,60,61,62,63,64,65,66,67,68,69,70,71,72,73,74,75,76,77,78,79,80,82,83,84,85,86,87,88,89,90,91,92,93,94,95,97,98]

[emu] i2s frames out: 0 (i2s0 @ 44100 Hz) 0 (i2s1 @ 44100 Hz)
[emu] wifi: 70 frames sent by the station, 730 received (12 dropped: no descriptor); AP: 703 beacons, 12 probe responses, 28 data frames from the station, state Associated
[emu] net: 2 DHCP leases, 1 ARP replies, 0 DNS answers, 0 NTP answers, 0 TCP refused, 0 pings, 5 frames ignored
[emu] nat: 1 TCP connections (0 failed), 12 UDP flows, 595 bytes out, 890 bytes in
[emu] crypto: 0 AES blocks, 11021 SHA blocks, 4 RSA/MPI operations
[emu] blocks: 33256 built (1 cache flushes) core0, 464087 (2) core1; jit: 497343 compiled, 181411 KB code
[emu] stubs hit 1 times
core0: pc=4038028e   ps=00060b20 wb=13 ws=2a00 sar=31 lcount=0 exccause=4 excvaddr=00000000 epc1=42020ab8 intenable=1200320d interrupt=00018040 ccount=120012747 insns=53350649
a0 =82020ab8 a1 =3fcf4220 a2 =00000000 a3 =4205f79c a4 =00060220 a5 =00000001 a6 =03c9be4c a7 =3fc9be4c 
a8 =80384e5c a9 =3fcf4200 a10=3fcf3c78 a11=3fc9b6b0 a12=3fc9b6b0 a13=00000000 a14=00060220 a15=3fc9b6c0 
core1: pc=4237e9ba   ps=00060600 wb=10 ws=0550 sar=0 lcount=0 exccause=1 excvaddr=00000000 epc1=4217b9d9 intenable=00000346 interrupt=00018000 ccount=4143883811 insns=742614751
a0 =82140ad1 a1 =3d801ef0 a2 =00000005 a3 =00000001 a4 =00000001 a5 =00000000 a6 =00000000 a7 =3d870c38 
a8 =8238469c a9 =3d801ed0 a10=00000005 a11=00000010 a12=00000001 a13=ffffffff a14=7fffffff a15=3d8048f0 

